[17:39:19] [main/INFO] (FabricLoader/GameProvider) Loading Minecraft 26.1 with Fabric Loader 0.18.5
[17:39:19] [main/INFO] (FabricLoader/Mappings) Mappings not present!
[17:39:19] [main/INFO] (FabricLoader) Loading 59 mods:
	- cloth-basic-math 0.6.1
	- cloth-config 26.1.154
	- combat_reborn 26.1-r1.0-fabric
	- fabric-api 0.145.1+26.1
	- fabric-api-base 2.0.3+ece0632347
	- fabric-api-lookup-api-v1 2.0.10+d5a053b647
	- fabric-biome-api-v1 18.0.4+35c80edc47
	- fabric-block-api-v1 3.0.2+ec56b60147
	- fabric-block-getter-api-v2 2.0.6+ec56b60147
	- fabric-client-gametest-api-v1 5.0.13+ff4eae5a47
	- fabric-command-api-v2 3.0.5+e2bdee7847
	- fabric-content-registries-v0 11.0.12+d871b99e47
	- fabric-convention-tags-v2 4.3.2+c37e6e5f47
	- fabric-crash-report-info-v1 1.0.3+9f78a5a847
	- fabric-creative-tab-api-v1 5.0.10+d871b99e47
	- fabric-data-attachment-api-v1 2.2.3+d602a89647
	- fabric-data-generation-api-v1 24.0.17+35c80edc47
	- fabric-debug-api-v1 1.0.1+c792624d47
	- fabric-dimensions-v1 5.1.4+9cbf5da547
	- fabric-entity-events-v1 5.0.2+e2bdee7847
	- fabric-events-interaction-v0 5.1.10+c82f046147
	- fabric-game-rule-api-v1 4.0.5+d871b99e47
	- fabric-gametest-api-v1 4.0.13+00a1fba647
	- fabric-item-api-v1 14.1.0+9833182c47
	- fabric-key-mapping-api-v1 2.0.4+e2bdee7847
	- fabric-lifecycle-events-v1 4.0.6+a9b9c17647
	- fabric-loot-api-v3 3.0.11+00a1fba647
	- fabric-menu-api-v1 2.0.12+d871b99e47
	- fabric-message-api-v1 7.0.5+dae8ce3e47
	- fabric-model-loading-api-v1 8.0.1+c7e428fd47
	- fabric-networking-api-v1 6.3.0+50a808ce47
	- fabric-object-builder-api-v1 23.0.13+b61fef4347
	- fabric-particles-v1 5.0.14+b61fef4347
	- fabric-recipe-api-v1 9.0.13+be4b75ae47
	- fabric-registry-sync-v0 7.0.12+b61fef4347
	- fabric-renderer-api-v1 12.0.0+51b152e147
	- fabric-renderer-indigo 8.0.0+51b152e147
	- fabric-rendering-fluids-v1 6.0.1+d871b99e47
	- fabric-rendering-v1 23.0.4+c7e428fd47
	- fabric-resource-conditions-api-v1 6.0.5+00a1fba647
	- fabric-resource-loader-v0 3.3.16+4fc5413f47
	- fabric-resource-loader-v1 2.0.9+d871b99e47
	- fabric-screen-api-v1 5.0.1+d871b99e47
	- fabric-serialization-api-v1 2.0.3+11a26f3147
	- fabric-sound-api-v1 2.0.4+11a26f3147
	- fabric-tag-api-v1 2.0.9+11a26f3147
	- fabric-transfer-api-v1 8.0.2+d871b99e47
	- fabric-transitive-access-wideners-v1 8.0.11+d871b99e47
	- fabricloader 0.18.5
	- item_tooltips 26.1-r1.2-fabric
	- java 25
	- legacies_and_legends 26.1-r1.2-fabric
	- lithostitched 1.6.8
	- minecraft 26.1
	- mixinextras 0.5.3
	- modmenu 18.0.0-alpha.8
	   \-- placeholder-api 3.0.0-beta.2+26.1
	- trimpatcher 2.0-mc26.1-fabric
	- unified 26.1-r3.0-fabric
[17:39:19] [main/WARN] (FabricLoader/ModRemap) Runtime mod remapping disabled due to no fabric.remapClasspathFile being specified. You may need to update loom.
[17:39:19] [main/INFO] (FabricLoader/Mixin) SpongePowered MIXIN Subsystem Version=0.8.7 Source=file:/C:/Users/bryce/.gradle/caches/modules-2/files-2.1/net.fabricmc/sponge-mixin/0.17.0+mixin.0.8.7/cf31463202f72d03b0ef1e1e38e8ee71b7faaab6/sponge-mixin-0.17.0+mixin.0.8.7.jar Service=Knot/Fabric Env=CLIENT
[17:39:19] [main/WARN] (FabricLoader/Mixin) The requested compatibility level JAVA_25 is higher than the level supported by the active subsystem 'Knot/Fabric' which supports JAVA_22. This is not a supported configuration and instability may occur.
[17:39:19] [main/INFO] (FabricLoader/Mixin) Compatibility level set to JAVA_25
[17:39:19] [main/WARN] (FabricLoader/Mixin) Failed to select mixin config: combat_reborn-fabric.mixins.json
java.lang.RuntimeException: Config 'class net.rebel459.combat_reborn.config.CRGeneralConfig' already registered
	at knot//me.shedaniel.autoconfig.AutoConfig.register(AutoConfig.java:48)
	at knot//net.rebel459.combat_reborn.mixin.CRMixinPlugin.onLoad(CRMixinPlugin.java:25)
	at org.spongepowered.asm.mixin.transformer.PluginHandle.onLoad(PluginHandle.java:119)
	at org.spongepowered.asm.mixin.transformer.MixinConfig.onSelect(MixinConfig.java:790)
	at org.spongepowered.asm.mixin.transformer.MixinProcessor.selectConfigs(MixinProcessor.java:546)
	at org.spongepowered.asm.mixin.transformer.MixinProcessor.select(MixinProcessor.java:508)
	at org.spongepowered.asm.mixin.transformer.MixinProcessor.checkSelect(MixinProcessor.java:486)
	at org.spongepowered.asm.mixin.transformer.MixinProcessor.lockAndSelect(MixinProcessor.java:438)
	at org.spongepowered.asm.mixin.transformer.MixinProcessor.couldTransformClass(MixinProcessor.java:398)
	at org.spongepowered.asm.mixin.transformer.MixinTransformer.couldTransformClass(MixinTransformer.java:265)
	at org.spongepowered.asm.mixin.transformer.MixinTransformer.transformClass(MixinTransformer.java:233)
	at org.spongepowered.asm.mixin.transformer.MixinTransformer.transformClassBytes(MixinTransformer.java:202)
	at net.fabricmc.loader.impl.launch.knot.KnotClassDelegate.getPostMixinClassByteArray(KnotClassDelegate.java:435)
	at net.fabricmc.loader.impl.launch.knot.KnotClassDelegate.tryLoadClass(KnotClassDelegate.java:336)
	at net.fabricmc.loader.impl.launch.knot.KnotClassDelegate.loadClass(KnotClassDelegate.java:231)
	at net.fabricmc.loader.impl.launch.knot.KnotClassLoader.loadClass(KnotClassLoader.java:119)
	at java.base/java.lang.ClassLoader.loadClass(ClassLoader.java:490)
	at net.fabricmc.loader.impl.game.minecraft.MinecraftGameProvider.launch(MinecraftGameProvider.java:507)
	at net.fabricmc.loader.impl.launch.knot.Knot.launch(Knot.java:72)
	at net.fabricmc.loader.impl.launch.knot.KnotClient.main(KnotClient.java:23)
	at net.fabricmc.devlaunchinjector.Main.main(Main.java:86)
[17:39:19] [main/WARN] (FabricLoader/Mixin) Error loading class: mezz/jei/fabric/platform/RenderHelper (java.lang.ClassNotFoundException: mezz/jei/fabric/platform/RenderHelper)
[17:39:19] [main/WARN] (FabricLoader/Mixin) @Mixin target mezz.jei.fabric.platform.RenderHelper was not found item_tooltips-fabric.mixins.json:integration.jei.RenderHelperMixin from mod item_tooltips
[17:39:20] [main/INFO] (FabricLoader/MixinExtras|Service) Initializing MixinExtras via com.llamalad7.mixinextras.service.MixinExtrasServiceImpl(version=0.5.3).
[17:39:20] [Datafixer Bootstrap/INFO] (Minecraft) 291 Datafixer optimizations took 150 milliseconds
[17:39:23] [Render thread/INFO] (Minecraft) Environment: Environment[sessionHost=https://sessionserver.mojang.com, servicesHost=https://api.minecraftservices.com, profilesHost=https://api.mojang.com, name=PROD]
[17:39:23] [Render thread/INFO] (Minecraft) Setting user: Player98
[17:39:23] [Download-2/ERROR] (Minecraft) Failed to fetch user properties
com.mojang.authlib.exceptions.InvalidCredentialsException: Status: 401
	at knot//com.mojang.authlib.exceptions.MinecraftClientHttpException.toAuthenticationException(MinecraftClientHttpException.java:59)
	at knot//com.mojang.authlib.yggdrasil.YggdrasilUserApiService.fetchProperties(YggdrasilUserApiService.java:150)
	at knot//net.minecraft.client.Minecraft.lambda$new$1(Minecraft.java:459)
	at java.base/java.util.concurrent.CompletableFuture$AsyncSupply.run(CompletableFuture.java:1789)
	at java.base/java.util.concurrent.ThreadPoolExecutor.runWorker(ThreadPoolExecutor.java:1090)
	at java.base/java.util.concurrent.ThreadPoolExecutor$Worker.run(ThreadPoolExecutor.java:614)
	at java.base/java.lang.Thread.run(Thread.java:1474)
Caused by: com.mojang.authlib.exceptions.MinecraftClientHttpException: Status: 401
	at knot//com.mojang.authlib.minecraft.client.MinecraftClient.readInputStream(MinecraftClient.java:103)
	at knot//com.mojang.authlib.minecraft.client.MinecraftClient.get(MinecraftClient.java:56)
	at knot//com.mojang.authlib.yggdrasil.YggdrasilUserApiService.fetchProperties(YggdrasilUserApiService.java:121)
	... 5 more
[17:39:23] [Render thread/INFO] (Mod Menu/Update Checker) Checking mod updates...
[17:39:23] [ModMenu/Update Checker/Fabric Loader/INFO] (Mod Menu/Update Checker) Update available for 'fabricloader@0.18.5'
[17:39:23] [Render thread/INFO] (Indigo) [Indigo] Registering Indigo renderer!
[17:39:23] [Render thread/INFO] (Minecraft) Backend library: LWJGL version 3.4.1-snapshot
[17:39:24] [Download-1/INFO] (Mod Menu/Update Checker) Update available for 'fabric-api@0.145.1+26.1', (-> 0.146.1+26.1.2)
[17:39:24] [Render thread/INFO] (Minecraft) Using optional rendering extensions: GL_ARB_buffer_storage, GL_KHR_debug, GL_ARB_vertex_attrib_binding, GL_ARB_direct_state_access, GL_EXT_texture_filter_anisotropic
[17:39:24] [Render thread/INFO] (Minecraft) Reloading ResourceManager: vanilla, cloth-config, combat_reborn, fabric-api, fabric-api-base, fabric-api-lookup-api-v1, fabric-biome-api-v1, fabric-block-api-v1, fabric-block-getter-api-v2, fabric-client-gametest-api-v1, fabric-command-api-v2, fabric-content-registries-v0, fabric-convention-tags-v2, fabric-crash-report-info-v1, fabric-creative-tab-api-v1, fabric-data-attachment-api-v1, fabric-data-generation-api-v1, fabric-debug-api-v1, fabric-dimensions-v1, fabric-entity-events-v1, fabric-events-interaction-v0, fabric-game-rule-api-v1, fabric-gametest-api-v1, fabric-item-api-v1, fabric-key-mapping-api-v1, fabric-lifecycle-events-v1, fabric-loot-api-v3, fabric-menu-api-v1, fabric-message-api-v1, fabric-model-loading-api-v1, fabric-networking-api-v1, fabric-object-builder-api-v1, fabric-particles-v1, fabric-recipe-api-v1, fabric-registry-sync-v0, fabric-renderer-api-v1, fabric-renderer-indigo, fabric-rendering-fluids-v1, fabric-rendering-v1, fabric-resource-conditions-api-v1, fabric-resource-loader-v0, fabric-resource-loader-v1, fabric-screen-api-v1, fabric-serialization-api-v1, fabric-sound-api-v1, fabric-tag-api-v1, fabric-transfer-api-v1, fabric-transitive-access-wideners-v1, fabricloader, item_tooltips, legacies_and_legends, modmenu, placeholder-api, legacies_and_legends:improved_turtle_shell, legacies_and_legends:music_and_melody
[17:39:24] [Worker-Main-4/INFO] (Trim Patcher) Adding overlay material amethyst
[17:39:24] [Worker-Main-4/INFO] (Trim Patcher) Adding overlay material copper
[17:39:24] [Worker-Main-4/INFO] (Trim Patcher) Adding overlay material copper_darker
[17:39:24] [Worker-Main-4/INFO] (Trim Patcher) Adding overlay material diamond
[17:39:24] [Worker-Main-4/INFO] (Trim Patcher) Adding overlay material diamond_darker
[17:39:24] [Worker-Main-4/INFO] (Trim Patcher) Adding overlay material emerald
[17:39:24] [Worker-Main-4/INFO] (Trim Patcher) Adding overlay material gold
[17:39:24] [Worker-Main-4/INFO] (Trim Patcher) Adding overlay material gold_darker
[17:39:24] [Worker-Main-4/INFO] (Trim Patcher) Adding overlay material iron
[17:39:24] [Worker-Main-4/INFO] (Trim Patcher) Adding overlay material iron_darker
[17:39:24] [Worker-Main-4/INFO] (Trim Patcher) Adding overlay material lapis
[17:39:24] [Worker-Main-4/INFO] (Trim Patcher) Adding overlay material netherite
[17:39:24] [Worker-Main-4/INFO] (Trim Patcher) Adding overlay material netherite_darker
[17:39:24] [Worker-Main-4/INFO] (Trim Patcher) Adding overlay material quartz
[17:39:24] [Worker-Main-4/INFO] (Trim Patcher) Adding overlay material redstone
[17:39:24] [Worker-Main-4/INFO] (Trim Patcher) Adding overlay material resin
[17:39:24] [Worker-Main-4/INFO] (Trim Patcher) Adding overlay material echo
[17:39:24] [Worker-Main-4/INFO] (Trim Patcher) Adding overlay material sapphire
[17:39:24] [Worker-Main-16/INFO] (Trim Patcher) Adding overlay material amethyst
[17:39:24] [Worker-Main-16/INFO] (Trim Patcher) Adding overlay material copper
[17:39:24] [Worker-Main-16/INFO] (Trim Patcher) Adding overlay material copper_darker
[17:39:24] [Worker-Main-16/INFO] (Trim Patcher) Adding overlay material diamond
[17:39:24] [Worker-Main-16/INFO] (Trim Patcher) Adding overlay material diamond_darker
[17:39:24] [Worker-Main-16/INFO] (Trim Patcher) Adding overlay material emerald
[17:39:24] [Worker-Main-16/INFO] (Trim Patcher) Adding overlay material gold
[17:39:24] [Worker-Main-16/INFO] (Trim Patcher) Adding overlay material gold_darker
[17:39:24] [Worker-Main-16/INFO] (Trim Patcher) Adding overlay material iron
[17:39:24] [Worker-Main-16/INFO] (Trim Patcher) Adding overlay material iron_darker
[17:39:24] [Worker-Main-16/INFO] (Trim Patcher) Adding overlay material lapis
[17:39:24] [Worker-Main-16/INFO] (Trim Patcher) Adding overlay material netherite
[17:39:24] [Worker-Main-16/INFO] (Trim Patcher) Adding overlay material netherite_darker
[17:39:24] [Worker-Main-16/INFO] (Trim Patcher) Adding overlay material quartz
[17:39:24] [Worker-Main-16/INFO] (Trim Patcher) Adding overlay material redstone
[17:39:24] [Worker-Main-16/INFO] (Trim Patcher) Adding overlay material resin
[17:39:24] [Worker-Main-16/INFO] (Trim Patcher) Adding overlay material echo
[17:39:24] [Worker-Main-16/INFO] (Trim Patcher) Adding overlay material sapphire
[17:39:24] [Worker-Main-25/INFO] (Minecraft) Found unifont_pua-17.0.01.hex, loading
[17:39:24] [Worker-Main-24/INFO] (Minecraft) Found unifont_all_no_pua-17.0.01.hex, loading
[17:39:24] [Worker-Main-7/WARN] (Minecraft) File wilderwild:sounds/music/ludocrypt/serene_sonder.ogg does not exist, cannot add it to event wilderwild:music.overworld.wilder_forests
[17:39:24] [Worker-Main-7/WARN] (Minecraft) File wilderwild:sounds/music/ludocrypt/horizon_afoot.ogg does not exist, cannot add it to event wilderwild:music.overworld.wilder_forests
[17:39:24] [Worker-Main-7/WARN] (Minecraft) File wilderwild:sounds/music/ludocrypt/horizon_afoot.ogg does not exist, cannot add it to event wilderwild:music.overworld.wilder_flower_forests
[17:39:24] [Worker-Main-7/WARN] (Minecraft) File wilderwild:sounds/music/pictochats/amber.ogg does not exist, cannot add it to event wilderwild:music.overworld.wilder_lush_caves
[17:39:24] [Worker-Main-7/WARN] (Minecraft) File wilderwild:sounds/music/zhen/pressure.ogg does not exist, cannot add it to event wilderwild:music.overworld.wilder_lush_caves
[17:39:24] [Worker-Main-7/WARN] (Minecraft) File wilderwild:sounds/music/pictochats/molt.ogg does not exist, cannot add it to event wilderwild:music.overworld.wilder_dripstone_caves
[17:39:24] [Worker-Main-7/WARN] (Minecraft) File wilderwild:sounds/music/zhen/pressure.ogg does not exist, cannot add it to event wilderwild:music.overworld.wilder_dripstone_caves
[17:39:24] [Worker-Main-7/WARN] (Minecraft) File wilderwild:sounds/music/pictochats/amber.ogg does not exist, cannot add it to event wilderwild:music.overworld.wilder_cherry_groves
[17:39:24] [Worker-Main-7/WARN] (Minecraft) File wilderwild:sounds/music/pictochats/amber.ogg does not exist, cannot add it to event wilderwild:music.overworld.wilder_groves
[17:39:24] [Worker-Main-7/WARN] (Minecraft) File wilderwild:sounds/music/pictochats/dahlia.ogg does not exist, cannot add it to event wilderwild:music.overworld.wilder_jungles
[17:39:24] [Worker-Main-7/WARN] (Minecraft) File wilderwild:sounds/music/pictochats/dahlia.ogg does not exist, cannot add it to event wilderwild:music.overworld.wilder_sparse_jungles
[17:39:24] [Worker-Main-7/WARN] (Minecraft) File wilderwild:sounds/music/pictochats/dahlia.ogg does not exist, cannot add it to event wilderwild:music.overworld.wilder_bamboo_jungles
[17:39:24] [Worker-Main-7/WARN] (Minecraft) File wilderwild:sounds/music/ludocrypt/serene_sonder.ogg does not exist, cannot add it to event wilderwild:music.overworld.wilder_snowy
[17:39:24] [Worker-Main-7/WARN] (Minecraft) File wilderwild:sounds/music/zhen/frozen_blocks.ogg does not exist, cannot add it to event wilderwild:music.overworld.wilder_snowy
[17:39:24] [Worker-Main-7/WARN] (Minecraft) File wilderwild:sounds/music/pictochats/molt.ogg does not exist, cannot add it to event wilderwild:music.overworld.wilder_snowy
[17:39:24] [Worker-Main-7/WARN] (Minecraft) File wilderwild:sounds/music/pictochats/anemone.ogg does not exist, cannot add it to event wilderwild:music.overworld.wilder_oceans
[17:39:24] [Worker-Main-7/WARN] (Minecraft) File wilderwild:sounds/music/pictochats/espial.ogg does not exist, cannot add it to event wilderwild:music.overworld.wilder_oceans
[17:39:24] [Worker-Main-7/WARN] (Minecraft) File wilderwild:sounds/music/pictochats/espial.ogg does not exist, cannot add it to event wilderwild:music.overworld.wilder_frozen_oceans
[17:39:24] [Worker-Main-7/WARN] (Minecraft) File wilderwild:sounds/music/zhen/frozen_blocks.ogg does not exist, cannot add it to event wilderwild:music.overworld.wilder_frozen_oceans
[17:39:24] [Worker-Main-7/WARN] (Minecraft) File wilderwild:sounds/music/pictochats/anemone.ogg does not exist, cannot add it to event wilderwild:music.overworld.wilder_warm_oceans
[17:39:24] [Worker-Main-7/WARN] (Minecraft) File wilderwild:sounds/music/pictochats/espial.ogg does not exist, cannot add it to event wilderwild:music.overworld.wilder_warm_oceans
[17:39:24] [Worker-Main-7/WARN] (Minecraft) File wilderwild:sounds/music/ludocrypt/dove.ogg does not exist, cannot add it to event wilderwild:music.overworld.mesoglea_caves
[17:39:24] [Worker-Main-7/WARN] (Minecraft) File wilderwild:sounds/music/pictochats/espial.ogg does not exist, cannot add it to event wilderwild:music.overworld.mesoglea_caves
[17:39:24] [Worker-Main-7/WARN] (Minecraft) File wilderwild:sounds/music/zhen/pressure.ogg does not exist, cannot add it to event wilderwild:music.overworld.mesoglea_caves
[17:39:24] [Worker-Main-7/WARN] (Minecraft) File wilderwild:sounds/music/pictochats/dahlia.ogg does not exist, cannot add it to event wilderwild:music.overworld.magmatic_caves
[17:39:24] [Worker-Main-7/WARN] (Minecraft) File wilderwild:sounds/music/zhen/pressure.ogg does not exist, cannot add it to event wilderwild:music.overworld.magmatic_caves
[17:39:24] [Worker-Main-7/WARN] (Minecraft) File wilderwild:sounds/music/pictochats/molt.ogg does not exist, cannot add it to event wilderwild:music.overworld.frozen_caves
[17:39:24] [Worker-Main-7/WARN] (Minecraft) File wilderwild:sounds/music/zhen/frozen_blocks.ogg does not exist, cannot add it to event wilderwild:music.overworld.frozen_caves
[17:39:24] [Worker-Main-7/WARN] (Minecraft) File wilderwild:sounds/music/zhen/pressure.ogg does not exist, cannot add it to event wilderwild:music.overworld.frozen_caves
[17:39:24] [Worker-Main-7/WARN] (Minecraft) File wilderwild:sounds/music/ludocrypt/serene_sonder.ogg does not exist, cannot add it to event wilderwild:music.overworld.maple_forest
[17:39:24] [Worker-Main-7/WARN] (Minecraft) File wilderwild:sounds/music/pictochats/amber.ogg does not exist, cannot add it to event wilderwild:music.overworld.maple_forest
[17:39:24] [Worker-Main-31/INFO] (Minecraft) Found unifont_jp_patch-17.0.01.hex, loading
[17:39:24] [Worker-Main-7/WARN] (Minecraft) File enderscape:sounds/music/biome/celestial_grove/elysium.ogg does not exist, cannot add it to event enderscape:music.enderscape.biome.celestial_grove
[17:39:24] [Worker-Main-7/WARN] (Minecraft) File enderscape:sounds/music/biome/celestial_grove/finality.ogg does not exist, cannot add it to event enderscape:music.enderscape.biome.celestial_grove
[17:39:24] [Worker-Main-7/WARN] (Minecraft) File enderscape:sounds/music/biome/celestial_grove/otherworld.ogg does not exist, cannot add it to event enderscape:music.enderscape.biome.celestial_grove
[17:39:24] [Worker-Main-7/WARN] (Minecraft) File enderscape:sounds/music/biome/corrupt_barrens/mutagen.ogg does not exist, cannot add it to event enderscape:music.enderscape.biome.corrupt_barrens
[17:39:24] [Worker-Main-7/WARN] (Minecraft) File enderscape:sounds/music/biome/corrupt_barrens/nebula.ogg does not exist, cannot add it to event enderscape:music.enderscape.biome.corrupt_barrens
[17:39:24] [Worker-Main-7/WARN] (Minecraft) File enderscape:sounds/music/biome/default_end/desolation.ogg does not exist, cannot add it to event enderscape:music.enderscape.biome.default_end
[17:39:24] [Worker-Main-7/WARN] (Minecraft) File enderscape:sounds/music/biome/default_end/desolation.ogg does not exist, cannot add it to event enderscape:music.enderscape.biome.magnia_fields
[17:39:24] [Worker-Main-7/WARN] (Minecraft) File enderscape:sounds/music/biome/magnia_fields/flutters.ogg does not exist, cannot add it to event enderscape:music.enderscape.biome.magnia_fields
[17:39:24] [Worker-Main-7/WARN] (Minecraft) File enderscape:sounds/music/biome/default_end/desolation.ogg does not exist, cannot add it to event enderscape:music.enderscape.biome.veiled_woodlands
[17:39:24] [Worker-Main-7/WARN] (Minecraft) File enderscape:sounds/music/biome/veiled_woodlands/respite.ogg does not exist, cannot add it to event enderscape:music.enderscape.biome.veiled_woodlands
[17:39:25] [Worker-Main-27/INFO] (Trim Patcher) Armor material guess copper
[17:39:25] [Worker-Main-28/INFO] (Trim Patcher) Armor material guess iron
[17:39:25] [Worker-Main-5/INFO] (Trim Patcher) Armor material guess leather
[17:39:25] [Worker-Main-16/INFO] (Trim Patcher) Armor material guess iron
[17:39:25] [Worker-Main-9/INFO] (Trim Patcher) Armor material guess leather
[17:39:25] [Worker-Main-15/INFO] (Trim Patcher) Armor material guess chainmail
[17:39:25] [Worker-Main-22/INFO] (Trim Patcher) Armor material guess leather
[17:39:25] [Worker-Main-6/INFO] (Trim Patcher) Armor material guess diamond
[17:39:25] [Worker-Main-24/INFO] (Trim Patcher) Armor material guess chainmail
[17:39:25] [Worker-Main-29/INFO] (Trim Patcher) Armor material guess netherite
[17:39:25] [Worker-Main-10/INFO] (Trim Patcher) Armor material guess netherite
[17:39:25] [Worker-Main-21/INFO] (Trim Patcher) Armor material guess travelling_strides
[17:39:25] [Worker-Main-18/INFO] (Trim Patcher) Armor material guess iron
[17:39:25] [Worker-Main-23/INFO] (Trim Patcher) Armor material guess turtle
[17:39:25] [Worker-Main-7/INFO] (Trim Patcher) Armor material guess golden
[17:39:25] [Worker-Main-7/INFO] (Trim Patcher) Armor material guess gold
[17:39:25] [Worker-Main-4/INFO] (Trim Patcher) Armor material guess chainmail
[17:39:25] [Worker-Main-13/INFO] (Trim Patcher) Armor material guess netherite
[17:39:25] [Worker-Main-31/INFO] (Trim Patcher) Armor material guess diamond
[17:39:25] [Worker-Main-26/INFO] (Trim Patcher) Armor material guess diamond
[17:39:25] [Worker-Main-25/INFO] (Trim Patcher) Armor material guess copper
[17:39:25] [Worker-Main-8/INFO] (Trim Patcher) Armor material guess reinforced
[17:39:25] [Worker-Main-8/INFO] (Trim Patcher) Armor material guess reinforc
[17:39:25] [Worker-Main-23/INFO] (Trim Patcher) Armor material guess golden
[17:39:25] [Worker-Main-23/INFO] (Trim Patcher) Armor material guess gold
[17:39:25] [Worker-Main-28/INFO] (Trim Patcher) Armor material guess wanderer
[17:39:25] [Worker-Main-16/INFO] (Trim Patcher) Armor material guess netherite
[17:39:25] [Worker-Main-27/INFO] (Trim Patcher) Armor material guess chainmail
[17:39:25] [Worker-Main-29/INFO] (Trim Patcher) Armor material guess diamond
[17:39:25] [Worker-Main-11/INFO] (Trim Patcher) Armor material guess iron
[17:39:25] [Worker-Main-12/INFO] (Trim Patcher) Armor material guess copper
[17:39:25] [Worker-Main-19/INFO] (Trim Patcher) Armor material guess golden
[17:39:25] [Worker-Main-19/INFO] (Trim Patcher) Armor material guess gold
[17:39:25] [Worker-Main-2/INFO] (Trim Patcher) Armor material guess copper
[17:39:25] [Worker-Main-27/INFO] (Trim Patcher) Armor material guess leather
[17:39:25] [Worker-Main-29/INFO] (Trim Patcher) Armor material guess golden
[17:39:25] [Worker-Main-29/INFO] (Trim Patcher) Armor material guess gold
[17:39:25] [Render thread/INFO] (Minecraft) OpenAL initialized on device OpenAL Soft on Speakers (Beoplay Portal Link C)
[17:39:25] [Render thread/INFO] (Minecraft) Sound engine started
[17:39:25] [Render thread/INFO] (Minecraft) Created: 512x256x0 minecraft:textures/atlas/particles.png-atlas
[17:39:25] [Render thread/INFO] (Minecraft) Created: 128x128x0 minecraft:textures/atlas/decorated_pot.png-atlas
[17:39:25] [Render thread/INFO] (Minecraft) Created: 2048x1024x0 minecraft:textures/atlas/armor_trims.png-atlas
[17:39:25] [Render thread/INFO] (Minecraft) Created: 512x256x0 minecraft:textures/atlas/paintings.png-atlas
[17:39:25] [Render thread/INFO] (Minecraft) Created: 1024x512x0 minecraft:textures/atlas/shield_patterns.png-atlas
[17:39:25] [Render thread/INFO] (Minecraft) Created: 2048x2048x4 minecraft:textures/atlas/blocks.png-atlas
[17:39:25] [Download-1/INFO] (Minecraft) Could not authorize you against Realms server: java.lang.RuntimeException: Failed to parse into SignedJWT: FabricMC
[17:39:25] [Download-1/ERROR] (Minecraft) Failed to fetch Realms feature flags
com.mojang.realmsclient.exception.RealmsServiceException: Realms authentication error with message 'java.lang.RuntimeException: Failed to parse into SignedJWT: FabricMC'
	at knot//com.mojang.realmsclient.client.RealmsClient.execute(RealmsClient.java:526)
	at knot//com.mojang.realmsclient.client.RealmsClient.fetchFeatureFlags(RealmsClient.java:186)
	at java.base/java.util.concurrent.CompletableFuture$AsyncSupply.run(CompletableFuture.java:1789)
	at java.base/java.util.concurrent.ThreadPoolExecutor.runWorker(ThreadPoolExecutor.java:1090)
	at java.base/java.util.concurrent.ThreadPoolExecutor$Worker.run(ThreadPoolExecutor.java:614)
	at java.base/java.lang.Thread.run(Thread.java:1474)
[17:39:25] [Render thread/INFO] (Minecraft) Created: 512x512x0 minecraft:textures/atlas/chest.png-atlas
[17:39:25] [Render thread/INFO] (Minecraft) Created: 256x128x0 minecraft:textures/atlas/celestials.png-atlas
[17:39:25] [Render thread/INFO] (Minecraft) Created: 1024x512x0 minecraft:textures/atlas/banner_patterns.png-atlas
[17:39:25] [Render thread/INFO] (Minecraft) Created: 512x512x0 minecraft:textures/atlas/beds.png-atlas
[17:39:25] [Render thread/INFO] (Minecraft) Created: 1024x512x0 minecraft:textures/atlas/items.png-atlas
[17:39:25] [Render thread/INFO] (Minecraft) Created: 1024x1024x0 minecraft:textures/atlas/gui.png-atlas
[17:39:25] [Render thread/INFO] (Minecraft) Created: 128x64x0 minecraft:textures/atlas/map_decorations.png-atlas
[17:39:25] [Render thread/INFO] (Minecraft) Created: 512x256x0 minecraft:textures/atlas/signs.png-atlas
[17:39:25] [Render thread/INFO] (Minecraft) Created: 512x512x0 minecraft:textures/atlas/shulker_boxes.png-atlas
[17:39:25] [IO-Worker-1/INFO] (Minecraft) Could not authorize you against Realms server: java.lang.RuntimeException: Failed to parse into SignedJWT: FabricMC
[17:39:25] [IO-Worker-1/ERROR] (Minecraft) Couldn't connect to realms
com.mojang.realmsclient.exception.RealmsServiceException: Realms authentication error with message 'java.lang.RuntimeException: Failed to parse into SignedJWT: FabricMC'
	at knot//com.mojang.realmsclient.client.RealmsClient.execute(RealmsClient.java:526)
	at knot//com.mojang.realmsclient.client.RealmsClient.clientCompatible(RealmsClient.java:307)
	at knot//com.mojang.realmsclient.RealmsAvailability.lambda$check$0(RealmsAvailability.java:48)
	at java.base/java.util.concurrent.CompletableFuture$AsyncSupply.run(CompletableFuture.java:1789)
	at java.base/java.util.concurrent.ThreadPoolExecutor.runWorker(ThreadPoolExecutor.java:1090)
	at java.base/java.util.concurrent.ThreadPoolExecutor$Worker.run(ThreadPoolExecutor.java:614)
	at java.base/java.lang.Thread.run(Thread.java:1474)
[17:39:28] [Worker-Main-6/WARN] (Minecraft) Found loot table element validation problem in {legacies_and_legends:blocks/concentrated_meteorite@minecraft:loot_table}.pools[0].entries[0].children[1].conditions[0]: Parameters [<parameter minecraft:attacking_entity>] are not provided in this context
[17:39:28] [Worker-Main-24/ERROR] (Minecraft) Couldn't parse data file 'legacies_and_legends:recipe/glow_stick' from 'legacies_and_legends:advancement/recipe/glow_stick.json': DataResult.Error['Not a valid resource location: #legacies_and_legends:crafts_glow_stick Non [a-z0-9_.-] character in namespace of identifier: #legacies_and_legends:crafts_glow_stick missed input: {"has_items":{"trigger":"minecraft:inventory_changed","conditions":{"items":[{"items":["#legacies_and_legends:crafts_glow_stick","legacies_and_legends:glow_stick"]}]}}}': Advancement[parent=Optional.empty, display=Optional.empty, rewards=AdvancementRewards[experience=0, loot=[], recipes=[ResourceKey[minecraft:recipe / legacies_and_legends:glow_stick]], function=Optional.empty], criteria={has_items=Criterion[trigger=net.minecraft.advancements.criterion.InventoryChangeTrigger@5d7ed410, triggerInstance=TriggerInstance[player=Optional.empty, slots=Slots[occupied=Ints[bounds=Bounds[min=Optional.empty, max=Optional.empty], boundsSqr=Bounds[min=Optional.empty, max=Optional.empty]], full=Ints[bounds=Bounds[min=Optional.empty, max=Optional.empty], boundsSqr=Bounds[min=Optional.empty, max=Optional.empty]], empty=Ints[bounds=Bounds[min=Optional.empty, max=Optional.empty], boundsSqr=Bounds[min=Optional.empty, max=Optional.empty]]], items=[ItemPredicate[items=Optional[DirectSet[[Reference{ResourceKey[minecraft:item / legacies_and_legends:glow_stick]=legacies_and_legends:glow_stick}]]], count=Ints[bounds=Bounds[min=Optional.empty, max=Optional.empty], boundsSqr=Bounds[min=Optional.empty, max=Optional.empty]], components=DataComponentMatchers[exact=[], partial={}]]]]]}, requirements=[[has_items]], sendsTelemetryEvent=false, name=Optional.empty]]
[17:39:28] [Render thread/INFO] (Minecraft) Loaded 1569 recipes
[17:39:28] [Render thread/INFO] (Minecraft) Loaded 1646 advancements
[17:39:53] [Render thread/INFO] (BiomeModificationImpl) Applied 117 biome modifications to 54 of 65 new biomes in 3.053 ms
[17:39:53] [Server thread/INFO] (Minecraft) Starting integrated minecraft server version 26.1
[17:39:53] [Server thread/INFO] (Minecraft) Generating keypair
[17:39:53] [Server thread/INFO] (Minecraft) Selecting global world spawn...
[17:39:55] [Server thread/INFO] (Minecraft) Loading 0 persistent chunks...
[17:39:55] [Server thread/INFO] (Minecraft) Preparing spawn area: 16%
[17:39:55] [Server thread/INFO] (Minecraft) Saving chunks for level 'ServerLevel[New World]'/minecraft:overworld
[17:39:55] [Server thread/INFO] (Minecraft) Saving chunks for level 'ServerLevel[New World]'/minecraft:the_nether
[17:39:55] [Server thread/INFO] (Minecraft) Saving chunks for level 'ServerLevel[New World]'/minecraft:the_end
[17:39:55] [Server thread/INFO] (Minecraft) ThreadedAnvilChunkStorage (world): All chunks are saved
[17:39:55] [Server thread/INFO] (Minecraft) ThreadedAnvilChunkStorage (DIM-1): All chunks are saved
[17:39:55] [Server thread/INFO] (Minecraft) ThreadedAnvilChunkStorage (DIM1): All chunks are saved
[17:39:55] [Server thread/INFO] (Minecraft) ThreadedAnvilChunkStorage: All dimensions are saved
[17:39:55] [Server thread/WARN] (TranslationConventionLogWarnings) 
	Dev warning - Untranslated Item Tags detected. Please translate your item tags so other mods such as recipe viewers can properly display your tag's name.
	The format desired is tag.item.<namespace>.<path> for the translation key with slashes in path turned into periods.
	To disable this message, set this system property in your runs: `-Dfabric-tag-conventions-v2.missingTagTranslationWarning=SILENCED`.
	To see individual untranslated item tags found, set the system property to `-Dfabric-tag-conventions-v2.missingTagTranslationWarning=VERBOSE`.
	Default is `SHORT`.

[17:39:56] [Server thread/INFO] (Minecraft) Loading 47 chunks for player spawn...
[17:39:56] [Server thread/INFO] (Minecraft) Preparing spawn area: 16%
[17:39:56] [Server thread/INFO] (Minecraft) Preparing spawn area: 16%
[17:39:56] [Server thread/INFO] (Minecraft) Preparing spawn area: 16%
[17:39:56] [Server thread/INFO] (Minecraft) Preparing spawn area: 16%
[17:39:56] [Server thread/INFO] (Minecraft) Preparing spawn area: 25%
[17:39:56] [Server thread/INFO] (Minecraft) Preparing spawn area: 57%
[17:39:57] [Server thread/INFO] (Minecraft) Time elapsed: 3195 ms
[17:39:57] [Server thread/INFO] (Minecraft) Player98[local:E:6fc164db] logged in with entity id 45 at (-39.5, 73.0, -6.5)
[17:39:57] [Server thread/INFO] (Minecraft) Player98 joined the game
[17:39:57] [Server thread/INFO] (Minecraft) Changing view distance to 16, from 10
[17:39:57] [Server thread/INFO] (Minecraft) Changing simulation distance to 12, from 0
[17:39:57] [Render thread/INFO] (Minecraft) Resizing Dynamic Transforms UBO, capacity limit of 2 reached during a single frame. New capacity will be 4.
[17:39:57] [Render thread/INFO] (Minecraft) Loaded 2 advancements
[17:39:57] [Render thread/INFO] (Minecraft) Resizing Dynamic Transforms UBO, capacity limit of 4 reached during a single frame. New capacity will be 8.
[17:39:57] [Render thread/INFO] (Minecraft) Resizing Chunk Sections UBO, capacity limit of 2 reached during a single frame. New capacity will be 4.
[17:39:57] [Render thread/INFO] (Minecraft) Resizing Chunk Sections UBO, capacity limit of 4 reached during a single frame. New capacity will be 8.
[17:39:57] [Render thread/INFO] (Minecraft) Resizing Chunk Sections UBO, capacity limit of 8 reached during a single frame. New capacity will be 16.
[17:39:58] [Render thread/INFO] (Minecraft) Resizing Chunk Sections UBO, capacity limit of 16 reached during a single frame. New capacity will be 32.
[17:39:58] [Render thread/INFO] (Minecraft) Resizing Chunk Sections UBO, capacity limit of 32 reached during a single frame. New capacity will be 64.
[17:39:58] [Render thread/INFO] (Minecraft) Resizing Chunk Sections UBO, capacity limit of 64 reached during a single frame. New capacity will be 128.
[17:39:59] [Render thread/INFO] (Minecraft) Resizing Dynamic Transforms UBO, capacity limit of 8 reached during a single frame. New capacity will be 16.
[17:39:59] [Render thread/INFO] (Minecraft) Resizing Chunk Sections UBO, capacity limit of 128 reached during a single frame. New capacity will be 256.
[17:40:01] [Render thread/INFO] (Minecraft) Resizing Chunk Sections UBO, capacity limit of 256 reached during a single frame. New capacity will be 512.
[17:40:05] [Render thread/INFO] (Minecraft) Resizing Chunk Sections UBO, capacity limit of 512 reached during a single frame. New capacity will be 1024.
[17:40:16] [Render thread/INFO] (Minecraft) Loaded 3 advancements
[17:40:20] [Server thread/INFO] (Minecraft) [Player98: Set own game mode to Survival Mode]
[17:40:20] [Render thread/INFO] (Minecraft) [System] [CHAT] Set own game mode to Survival Mode
[17:40:27] [Render thread/INFO] (CombatRebornClient) client: {quiver_stacks:2.0d}
[17:40:28] [Render thread/INFO] (CombatRebornClient) client: {quiver_stacks:2.0d}
[17:40:29] [Render thread/INFO] (CombatRebornClient) client: {quiver_stacks:2.0d}
[17:40:29] [Render thread/INFO] (CombatRebornClient) client: {quiver_stacks:2.0d}
[17:40:31] [Render thread/INFO] (CombatRebornClient) client: {quiver_stacks:2.0d}
[17:40:33] [Server thread/INFO] (Minecraft) Saving and pausing game...
[17:40:33] [Server thread/INFO] (Minecraft) Saving chunks for level 'ServerLevel[New World]'/minecraft:overworld
[17:40:33] [Server thread/INFO] (Minecraft) Saving chunks for level 'ServerLevel[New World]'/minecraft:the_nether
[17:40:33] [Server thread/INFO] (Minecraft) Saving chunks for level 'ServerLevel[New World]'/minecraft:the_end
[17:40:34] [Server thread/INFO] (Minecraft) Stopping server
[17:40:34] [Server thread/INFO] (Minecraft) Saving players
[17:40:34] [Server thread/INFO] (Minecraft) Player98 lost connection: Disconnected
[17:40:34] [Server thread/INFO] (Minecraft) Player98 left the game
[17:40:34] [Server thread/INFO] (Minecraft) Stopping singleplayer server as player logged out
[17:40:34] [Server thread/INFO] (Minecraft) Saving worlds
[17:40:34] [Server thread/INFO] (Minecraft) Saving chunks for level 'ServerLevel[New World]'/minecraft:overworld
[17:40:35] [Server thread/INFO] (Minecraft) Saving chunks for level 'ServerLevel[New World]'/minecraft:the_nether
[17:40:35] [Server thread/INFO] (Minecraft) Saving chunks for level 'ServerLevel[New World]'/minecraft:the_end
[17:40:35] [Server thread/INFO] (Minecraft) ThreadedAnvilChunkStorage (world): All chunks are saved
[17:40:35] [Server thread/INFO] (Minecraft) ThreadedAnvilChunkStorage (DIM-1): All chunks are saved
[17:40:35] [Server thread/INFO] (Minecraft) ThreadedAnvilChunkStorage (DIM1): All chunks are saved
[17:40:35] [Server thread/INFO] (Minecraft) ThreadedAnvilChunkStorage: All dimensions are saved
[17:40:35] [Render thread/INFO] (Minecraft) Stopping!
